<html>
<body>
<pre>
<h1>礦ision Build Log</h1>
<h2>Tool Versions:</h2>
IDE-Version: μVision V5.14.0.0
Copyright (C) 2015 ARM Ltd and ARM Germany GmbH. All rights reserved.
License Information: Microsoft, Microsoft, LIC=585GK-Z81YV-MMJ9I-T3M03-Y2SWP-EKLZA
 
Tool Versions:
Toolchain:       MDK-ARM Standard  Version: 5.14.0.0
Toolchain Path:  D:\keil5\ARM\ARMCC\Bin
C Compiler:      Armcc.exe V5.05 update 1 (build 106)
Assembler:       Armasm.exe V5.05 update 1 (build 106)
Linker/Locator:  ArmLink.exe V5.05 update 1 (build 106)
Library Manager: ArmAr.exe V5.05 update 1 (build 106)
Hex Converter:   FromElf.exe V5.05 update 1 (build 106)
CPU DLL:         SARMCM3.DLL V5.14.0.0
Dialog DLL:      DARMSTM.DLL V1.65.0.0
Target DLL:      STLink\ST-LINKIII-KEIL_SWO.dll V2.0.14.0_KEIL
Dialog DLL:      TARMSTM.DLL V1.64.0.0
 
<h2>Project:</h2>
E:\2017年全国大学生电子设计竞赛\2017年H题\ADC采集DAC输出\USER\DAC.uvprojx
Project File Date:  08/09/2017

<h2>Output:</h2>
Build target 'Target 1'
compiling main.c...
main.c(24): warning:  #177-D: variable "t" was declared but never referenced
        u16 t=0;         
main.c: 1 warning, 0 errors
linking...
Program Size: Code=18580 RO-data=512 RW-data=60 ZI-data=1948  
FromELF: creating hex file...
"..\OBJ\DAC.axf" - 0 Error(s), 1 Warning(s).

<h2>Collection of Component include folders:</h2>
  E:\2017年全国大学生电子设计竞赛\2017年H题\ADC采集DAC输出\USER\RTE
  D:\keil5\ARM\PACK\Keil\STM32F1xx_DFP\2.1.0

<h2>Collection of Component Files used:</h2>
</pre>
</body>
</html>
